actions_config_read:get_org_variable
actions_config_read:get_repo_variable
actions_config_read:list_org_secrets
actions_config_read:list_org_variables
actions_config_read:list_repo_secrets
actions_config_read:list_repo_variables
actions_run_read:download_artifact
actions_run_read:download_job_log
actions_run_read:get_artifact
actions_run_read:get_job
actions_run_read:get_job_log_preview
actions_run_read:get_run
actions_run_read:get_workflow
actions_run_read:list_artifacts
actions_run_read:list_jobs
actions_run_read:list_run_artifacts
actions_run_read:list_run_jobs
actions_run_read:list_runs
actions_run_read:list_workflows
attachment_read:download
attachment_read:get
attachment_read:list
get_commit
get_dir_contents
get_file_contents
get_gitea_mcp_server_version
get_latest_release
get_me
get_release
get_repository_tree
get_tag
get_user_orgs
issue_read:get
issue_read:get_comments
issue_read:get_labels
label_read:get_repo_label
label_read:list_org_labels
label_read:list_repo_labels
list_branches
list_commits
list_issues
list_my_repos
list_org_repos
list_pull_requests
list_releases
list_tags
milestone_read:get
milestone_read:list
notification_read:get
notification_read:list
package_read:get
package_read:list
package_read:list_versions
pull_request_read:get
pull_request_read:get_diff
pull_request_read:get_files
pull_request_read:get_review
pull_request_read:get_review_comments
pull_request_read:get_reviews
pull_request_read:get_status
search_issues
search_org_teams
search_repos
search_users
timetracking_read:get_my_stopwatches
timetracking_read:get_my_times
timetracking_read:list_issue_times
timetracking_read:list_repo_times
wiki_read:get
wiki_read:get_revisions
wiki_read:list
